---
source: reference/tests/snapshot.rs
expression: sql
input_file: reference/tests/examples/transforms/from-0.prql
---
SELECT
  employees.*
FROM
  employees
