---
source: reference/tests/snapshot.rs
expression: sql
input_file: reference/tests/examples/transforms/aggregate-0.prql
---
SELECT
  AVG(salary),
  COUNT(*) AS ct
FROM
  employees
