---
source: reference/tests/snapshot.rs
expression: sql
input_file: reference/tests/examples/transforms/join-1.prql
---
SELECT
  employees.*,
  positions.*,
  emp_no
FROM
  employees FULL
  JOIN positions USING(emp_no)
